// Jest Snapshot v1, https://goo.gl/fbAQLP

exports[`<CurrentPrice /> Renders correctly 1`] = `
Object {
  "children": <Text>
    $3.30
  </Text>,
  "style": Object {
    "alignItems": "center",
    "backgroundColor": "yellow",
    "flex": 5,
    "justifyContent": "center",
    "width": "95%",
  },
}
`;
