// Jest Snapshot v1, https://goo.gl/fbAQLP

exports[`REDUCERS reducer/toll should set the toll reducer 1`] = `
Object {
  "toll520": Object {
    "data": Object {
      "weekdays": Object {
        "0": Object {
          "goodToGo": 1.25,
          "payByMail": 3.25,
          "schedule": "Midnight to 4:59 a.m.",
        },
        "10": Object {
          "goodToGo": 2.7,
          "payByMail": 4.7,
          "schedule": "10 a.m. to 1:59 p.m.",
        },
        "14": Object {
          "goodToGo": 3.4,
          "payByMail": 5.4,
          "schedule": "2 p.m. to 2:59 p.m.",
        },
        "15": Object {
          "goodToGo": 4.3,
          "payByMail": 6.3,
          "schedule": "3 p.m. to 5:59 p.m.",
        },
        "18": Object {
          "goodToGo": 3.4,
          "payByMail": 5.4,
          "schedule": "6 p.m. to 6:59 p.m.",
        },
        "19": Object {
          "goodToGo": 2.7,
          "payByMail": 4.7,
          "schedule": "7 p.m. to 8:59 p.m.",
        },
        "21": Object {
          "goodToGo": 2,
          "payByMail": 4,
          "schedule": "9 p.m. to 10:59 p.m.",
        },
        "23": Object {
          "goodToGo": 1.25,
          "payByMail": 3.25,
          "schedule": "11 p.m. to 11:59 p.m.",
        },
        "5": Object {
          "goodToGo": 2,
          "payByMail": 4,
          "schedule": "5 a.m. to 5:59 a.m.",
        },
        "6": Object {
          "goodToGo": 3.4,
          "payByMail": 5.4,
          "schedule": "6 a.m. to 6:59 a.m.",
        },
        "7": Object {
          "goodToGo": 4.3,
          "payByMail": 6.3,
          "schedule": "7 a.m. to 8:59 a.m.",
        },
        "9": Object {
          "goodToGo": 3.4,
          "payByMail": 5.4,
          "schedule": "9 a.m. to 9:59 a.m.",
        },
      },
      "weekend": Object {
        "0": Object {
          "goodToGo": 1.25,
          "payByMail": 3.25,
          "schedule": "Midnight to 4:59 a.m.",
        },
        "11": Object {
          "goodToGo": 2.65,
          "payByMail": 4.65,
          "schedule": "11 a.m. to 5:59 p.m.",
        },
        "18": Object {
          "goodToGo": 2.05,
          "payByMail": 4.05,
          "schedule": "6 p.m. to 8:59 p.m.",
        },
        "21": Object {
          "goodToGo": 1.4,
          "payByMail": 3.4,
          "schedule": "9 p.m. to 10:59 p.m.",
        },
        "23": Object {
          "goodToGo": 1.25,
          "payByMail": 3.25,
          "schedule": "11 p.m. to 11:59 p.m.",
        },
        "5": Object {
          "goodToGo": 1.4,
          "payByMail": 3.4,
          "schedule": "5 a.m. to 7:59 a.m.",
        },
        "8": Object {
          "goodToGo": 2.05,
          "payByMail": 4.05,
          "schedule": "8 a.m. to 10:59 a.m.",
        },
      },
    },
    "date": 1577906804692,
    "name": "520 Bridge",
  },
  "toll99": Object {
    "data": Object {
      "weekdays": Object {
        "15": Object {
          "goodToGo": 2.25,
          "payByMail": 4.25,
          "schedule": "3 p.m. to 6 p.m.",
        },
        "18": Object {
          "goodToGo": 1.25,
          "payByMail": 3.25,
          "schedule": "6 p.m. to 11 p.m.",
        },
        "23": Object {
          "goodToGo": 1,
          "payByMail": 3,
          "schedule": "11 p.m. to 6 a.m.",
        },
        "6": Object {
          "goodToGo": 1.25,
          "payByMail": 3.25,
          "schedule": "6 a.m. to 7 a.m.",
        },
        "7": Object {
          "goodToGo": 1.5,
          "payByMail": 3.5,
          "schedule": "7 a.m. to 9 a.m.",
        },
        "9": Object {
          "goodToGo": 1.25,
          "payByMail": 3.25,
          "schedule": "9 a.m. to 3 p.m.",
        },
      },
      "weekend": Object {
        "0": Object {
          "goodToGo": 1,
          "payByMail": 3,
          "schedule": "All day",
        },
      },
    },
    "date": 1577906804692,
    "name": "99 Tunnel",
  },
}
`;

exports[`REDUCERS reducer/toll should test for unknown action for tollReducer 1`] = `"undefined"`;
